\BOOKMARK [1][-]{section.1}{\376\377\230\171\166\356\173\200\116\313}{}% 1
\BOOKMARK [1][-]{section.2}{\376\377\116\247\124\301\116\016\147\015\122\241}{}% 2
\BOOKMARK [2][-]{subsection.2.1}{\376\377\136\224\165\050\200\314\146\157}{section.2}% 3
\BOOKMARK [2][-]{subsection.2.2}{\376\377\116\247\124\301\173\200\116\313}{section.2}% 4
\BOOKMARK [2][-]{subsection.2.3}{\376\377\116\247\124\301\122\237\200\375}{section.2}% 5
\BOOKMARK [2][-]{subsection.2.4}{\376\377\150\070\137\303\142\200\147\057}{section.2}% 6
\BOOKMARK [2][-]{subsection.2.5}{\376\377\147\015\122\241\117\123\174\373}{section.2}% 7
\BOOKMARK [2][-]{subsection.2.6}{\376\377\116\247\124\301\117\030\122\277\116\016\121\110\217\333\140\047}{section.2}% 8
\BOOKMARK [2][-]{subsection.2.7}{\376\377\147\052\147\145\170\024\123\321\211\304\122\022}{section.2}% 9
\BOOKMARK [1][-]{section.3}{\376\377\210\114\116\032\116\016\136\002\127\072}{}% 10
\BOOKMARK [2][-]{subsection.3.1}{\376\377\210\114\116\032\162\171\137\201}{section.3}% 11
\BOOKMARK [2][-]{subsection.3.2}{\376\377\136\002\127\072\227\000\154\102}{section.3}% 12
\BOOKMARK [2][-]{subsection.3.3}{\376\377\136\002\127\072\214\003\170\024}{section.3}% 13
\BOOKMARK [2][-]{subsection.3.4}{\376\377\136\002\127\072\133\232\117\115}{section.3}% 14
\BOOKMARK [2][-]{subsection.3.5}{\376\377\172\336\116\211\122\006\147\220}{section.3}% 15
\BOOKMARK [2][-]{subsection.3.6}{\376\377\154\342\162\171\116\224\122\233\122\006\147\220}{section.3}% 16
\BOOKMARK [2][-]{subsection.3.7}{\376\377\000S\000W\000O\000T\000\040\122\006\147\220}{section.3}% 17
\BOOKMARK [2][-]{subsection.3.8}{\376\377\136\002\127\072\217\333\121\145\173\126\165\145}{section.3}% 18
\BOOKMARK [1][-]{section.4}{\376\377\230\171\166\356\126\342\226\037\116\016\121\154\123\370\173\241\164\006}{}% 19
\BOOKMARK [2][-]{subsection.4.1}{\376\377\126\342\226\037\140\073\117\123\116\313\176\315}{section.4}% 20
\BOOKMARK [2][-]{subsection.4.2}{\376\377\150\070\137\303\142\020\124\130\122\006\135\345}{section.4}% 21
\BOOKMARK [2][-]{subsection.4.3}{\376\377\126\342\226\037\142\020\124\130\116\313\176\315}{section.4}% 22
\BOOKMARK [2][-]{subsection.4.4}{\376\377\230\176\225\356\116\016\131\026\220\350\215\104\156\220}{section.4}% 23
\BOOKMARK [2][-]{subsection.4.5}{\376\377\121\154\123\370\176\304\176\307\147\266\147\204\116\016\207\215\215\104\215\357\137\204}{section.4}% 24
\BOOKMARK [2][-]{subsection.4.6}{\376\377\121\154\123\370\123\321\134\125\226\066\153\265\166\356\150\007}{section.4}% 25
\BOOKMARK [2][-]{subsection.4.7}{\376\377\173\241\164\006\122\066\136\246}{section.4}% 26
\BOOKMARK [1][-]{section.5}{\376\377\204\045\225\000\173\126\165\145\116\016\125\106\116\032\152\041\137\017}{}% 27
\BOOKMARK [2][-]{subsection.5.1}{\376\377\125\106\116\032\152\041\137\017}{section.5}% 28
\BOOKMARK [2][-]{subsection.5.2}{\376\377\166\356\150\007\133\242\142\067}{section.5}% 29
\BOOKMARK [2][-]{subsection.5.3}{\376\377\225\000\125\056\152\041\137\017}{section.5}% 30
\BOOKMARK [2][-]{subsection.5.4}{\376\377\116\367\150\074\173\126\165\145}{section.5}% 31
\BOOKMARK [2][-]{subsection.5.5}{\376\377\156\040\220\123\173\126\165\145}{section.5}% 32
\BOOKMARK [2][-]{subsection.5.6}{\376\377\133\243\117\040\143\250\136\177}{section.5}% 33
\BOOKMARK [1][-]{section.6}{\376\377\165\037\116\247\217\320\204\045\116\016\142\200\147\057\204\075\127\060}{}% 34
\BOOKMARK [2][-]{subsection.6.1}{\376\377\165\037\116\247\213\241\122\022}{section.6}% 35
\BOOKMARK [2][-]{subsection.6.2}{\376\377\142\200\147\057\204\075\127\060\155\101\172\013}{section.6}% 36
\BOOKMARK [2][-]{subsection.6.3}{\376\377\127\072\146\157\136\372\126\376\116\016\220\350\177\162}{section.6}% 37
\BOOKMARK [2][-]{subsection.6.4}{\376\377\215\050\221\317\143\247\122\066}{section.6}% 38
\BOOKMARK [2][-]{subsection.6.5}{\376\377\217\320\204\045\176\364\142\244}{section.6}% 39
\BOOKMARK [2][-]{subsection.6.6}{\376\377\133\211\121\150\117\335\226\234}{section.6}% 40
\BOOKMARK [2][-]{subsection.6.7}{\376\377\125\106\116\032\116\016\142\200\147\057\204\075\127\060\221\314\172\013\170\221}{section.6}% 41
\BOOKMARK [1][-]{section.7}{\376\377\215\042\122\241\213\241\122\022}{}% 42
\BOOKMARK [2][-]{subsection.7.1}{\376\377\116\073\211\201\215\042\122\241\120\107\213\276}{section.7}% 43
\BOOKMARK [2][-]{subsection.7.2}{\376\377\145\066\121\145\116\016\142\020\147\054\230\204\173\227}{section.7}% 44
\BOOKMARK [2][-]{subsection.7.3}{\376\377\122\051\155\246\210\150\230\204\155\113}{section.7}% 45
\BOOKMARK [2][-]{subsection.7.4}{\376\377\215\104\116\247\215\037\120\072\210\150\230\204\155\113}{section.7}% 46
\BOOKMARK [2][-]{subsection.7.5}{\376\377\163\260\221\321\155\101\221\317\210\150\230\204\155\113}{section.7}% 47
\BOOKMARK [2][-]{subsection.7.6}{\376\377\207\215\215\104\227\000\154\102\116\016\215\104\221\321\165\050\220\024}{section.7}% 48
\BOOKMARK [2][-]{subsection.7.7}{\376\377\200\241\147\103\176\323\147\204}{section.7}% 49
\BOOKMARK [2][-]{subsection.7.8}{\376\377\142\225\215\104\126\336\142\245\122\006\147\220}{section.7}% 50
\BOOKMARK [1][-]{section.8}{\376\377\215\104\147\054\220\000\121\372}{}% 51
\BOOKMARK [2][-]{subsection.8.1}{\376\377\124\016\176\355\207\215\215\104\142\026\200\241\147\103\217\154\213\251}{section.8}% 52
\BOOKMARK [2][-]{subsection.8.2}{\376\377\116\247\116\032\136\166\215\055\220\000\121\372}{section.8}% 53
\BOOKMARK [2][-]{subsection.8.3}{\376\377\215\104\147\054\136\002\127\072\220\000\121\372}{section.8}% 54
\BOOKMARK [2][-]{subsection.8.4}{\376\377\156\005\173\227\220\000\121\372}{section.8}% 55
\BOOKMARK [2][-]{subsection.8.5}{\376\377\220\000\121\372\147\072\122\066\140\073\176\323}{section.8}% 56
\BOOKMARK [1][-]{section.9}{\376\377\230\316\226\151\116\016\133\371\173\126}{}% 57
\BOOKMARK [2][-]{subsection.9.1}{\376\377\142\200\147\057\230\316\226\151}{section.9}% 58
\BOOKMARK [2][-]{subsection.9.2}{\376\377\136\002\127\072\230\316\226\151}{section.9}% 59
\BOOKMARK [2][-]{subsection.9.3}{\376\377\217\320\204\045\230\316\226\151}{section.9}% 60
\BOOKMARK [2][-]{subsection.9.4}{\376\377\176\304\176\307\147\266\147\204\116\016\116\272\122\233\215\104\156\220\230\316\226\151}{section.9}% 61
\BOOKMARK [2][-]{subsection.9.5}{\376\377\221\307\215\055\116\016\117\233\136\224\224\376\230\316\226\151}{section.9}% 62
\BOOKMARK [2][-]{subsection.9.6}{\376\377\215\104\116\247\173\241\164\006\230\316\226\151}{section.9}% 63
\BOOKMARK [2][-]{subsection.9.7}{\376\377\225\000\125\056\116\016\122\006\225\000\230\316\226\151}{section.9}% 64
\BOOKMARK [2][-]{subsection.9.8}{\376\377\133\211\121\150\116\016\215\043\116\373\230\316\226\151}{section.9}% 65
\BOOKMARK [2][-]{subsection.9.9}{\376\377\215\042\122\241\230\316\226\151}{section.9}% 66
\BOOKMARK [2][-]{subsection.9.10}{\376\377\124\010\211\304\230\316\226\151}{section.9}% 67
\BOOKMARK [1][-]{section.10}{\376\377\230\171\166\356\116\367\120\074\116\016\176\323\213\272}{}% 68
\BOOKMARK [2][-]{subsection.10.1}{\376\377\171\076\117\032\116\367\120\074}{section.10}% 69
\BOOKMARK [2][-]{subsection.10.2}{\376\377\230\171\166\356\176\323\213\272}{section.10}% 70
\BOOKMARK [1][-]{section.11}{\376\377\145\160\143\156\147\145\156\220\213\364\146\016}{}% 71
\BOOKMARK [2][-]{subsection.11.1}{\376\377\116\073\211\201\137\025\165\050\215\104\145\231}{section.11}% 72
\BOOKMARK [1][-]{appendix.A}{\376\377\214\003\147\345\225\356\123\167\123\312\176\337\213\241\176\323\147\234}{}% 73
\BOOKMARK [2][-]{subsection.A.1}{\376\377\225\356\123\167\127\372\147\054\140\305\121\265}{appendix.A}% 74
\BOOKMARK [2][-]{subsection.A.2}{\376\377\225\356\123\167\230\230\166\356\123\312\176\337\213\241\176\323\147\234}{appendix.A}% 75
\BOOKMARK [2][-]{subsection.A.3}{\376\377\213\277\214\010\143\320\176\262}{appendix.A}% 76
